I'm sorry, but errors were detected in your script. Please correct the
errors listed below, and try again.


File "game/prologue.rpy", line 32: else clause expects a non-empty block.
    else:
         ^

Ren'Py Version: Ren'Py 6.99.12.2.2029
